C:\myDev\rest-project-for-jagex\codingexercise\src\main\java\com\example\codingexercise\CodingExerciseApplication.java
C:\myDev\rest-project-for-jagex\codingexercise\src\main\java\com\example\codingexercise\config\GatewayConfig.java
C:\myDev\rest-project-for-jagex\codingexercise\src\main\java\com\example\codingexercise\controller\PackageController.java
C:\myDev\rest-project-for-jagex\codingexercise\src\main\java\com\example\codingexercise\gateway\dto\Product.java
C:\myDev\rest-project-for-jagex\codingexercise\src\main\java\com\example\codingexercise\service\CurrencyExchangeRateService.java
C:\myDev\rest-project-for-jagex\codingexercise\src\main\java\com\example\codingexercise\model\ProductPackage.java
C:\myDev\rest-project-for-jagex\codingexercise\src\main\java\com\example\codingexercise\dto\CurrencyExchanger.java
C:\myDev\rest-project-for-jagex\codingexercise\src\main\java\com\example\codingexercise\repository\PackageRepository.java
C:\myDev\rest-project-for-jagex\codingexercise\src\main\java\com\example\codingexercise\config\CurrencyExchangeConfig.java
C:\myDev\rest-project-for-jagex\codingexercise\src\main\java\com\example\codingexercise\gateway\ProductServiceGateway.java
